// Jest Snapshot v1, https://goo.gl/fbAQLP

exports[`it works 1`] = `
.c0 {
  display: inline-block;
  padding-top: 0.3125rem;
  padding-bottom: 0.3125rem;
  margin-right: 0.5rem;
  line-height: inherit;
  white-space: nowrap;
  color: var(--Theme-NavLink--Color);
  font-size: 1.25rem;
  font-weight: 700;
}

.c0:hover,
.c0:focus {
  color: var(--Theme-NavLink--Color__onHover);
  -webkit-text-decoration: none;
  text-decoration: none;
}

<a
  class="c0"
>
  Richardng.com
</a>
`;
