// Jest Snapshot v1, https://goo.gl/fbAQLP

exports[`Header renders correctly 1`] = `
<header
  id="global"
>
  <nav
    className="sc-EHOje dpxEvM"
  >
    <div
      className="sc-htpNat hJXqQj"
    >
      <a
        className="sc-gzVnrw bdZbwq"
        href="/"
      >
        Go to home page
      </a>
      <button
        className="sc-bxivhb ODOee"
        onClick={[Function]}
      >
        <svg
          aria-hidden="true"
          className="octicon"
          height={16}
          role="img"
          style={
            Object {
              "display": "inline-block",
              "fill": "currentColor",
              "userSelect": "none",
              "verticalAlign": "text-bottom",
            }
          }
          viewBox="0 0 10 16"
          width={10}
        >
          <path
            d="M5 11L0 6l1.5-1.5L5 8.25 8.5 4.5 10 6l-5 5z"
            fillRule="evenodd"
          />
        </svg>
      </button>
      <div
        className="sc-bwzfXH iLyBFr"
      >
        <ul
          className="sc-ifAKCX HhpYN"
        >
          <li
            className="sc-bZQynM imFFNU"
          >
            <a
              className="sc-bdVaJa cKONyA"
              href="/about"
            >
              About
            </a>
          </li>
          <li
            className="sc-bZQynM imFFNU"
          >
            <a
              className="sc-bdVaJa cKONyA"
              href="/blog"
            >
              Blogs
            </a>
          </li>
          <li
            className="sc-bZQynM imFFNU"
          >
            <a
              className="sc-bdVaJa cKONyA"
              href="/projects"
            >
              Projects
            </a>
          </li>
        </ul>
        <ul
          className="sc-ifAKCX HhpYN"
          style={
            Object {
              "marginLeft": "auto",
            }
          }
        >
          <a
            className="sc-bdVaJa cKONyA"
            href="/projects"
          >
            sProjects
          </a>
        </ul>
      </div>
    </div>
  </nav>
</header>
`;
