// Jest Snapshot v1, https://goo.gl/fbAQLP

exports[`Navbar works 1`] = `
.c0 {
  display: inline-block;
  padding-right: 0.5rem;
  padding-left: 0.5rem;
  color: var(--Theme-NavbarLink--Color);
}

.c0:hover,
.c0:focus {
  -webkit-text-decoration: none;
  text-decoration: none;
}

<a
  class="c0"
/>
`;
